MO cdc_sync_r2w NULL ../../../git/basil/basil/firmware/modules/utils/cdc_syncfifo.v vlg30/cdc__sync__r2w.bin 1674488764
MO cdc_pulse_sync NULL ../../../git/basil/basil/firmware/modules/utils/cdc_pulse_sync.v vlg06/cdc__pulse__sync.bin 1674488764
MO clk_gen NULL ../src/clk_gen.v vlg6B/clk__gen.bin 1674488764
MO seq_gen_blk_mem NULL ../../../git/basil/basil/firmware/modules/seq_gen/seq_gen_blk_mem_16x8196.v vlg18/seq__gen__blk__mem.bin 1674474308
MO gpac_adc_iobuf NULL ../../../git/basil/basil/firmware/modules/gpac_adc_rx/gpac_adc_iobuf.v vlg2E/gpac__adc__iobuf.bin 1674488764
MO cdc_fifomem NULL ../../../git/basil/basil/firmware/modules/utils/cdc_syncfifo.v vlg0C/cdc__fifomem.bin 1674488764
MO reset_gen NULL ../../../git/basil/basil/firmware/modules/utils/reset_gen.v vlg74/reset__gen.bin 1674488764
MO CG_MOD_pos NULL ../../../git/basil/basil/firmware/modules/utils/CG_MOD_pos.v vlg0E/_c_g___m_o_d__pos.bin 1674488764
MO spi_core NULL ../../../git/basil/basil/firmware/modules/spi/spi_core.v vlg20/spi__core.bin 1674488764
MO seq_gen_core NULL ../../../git/basil/basil/firmware/modules/seq_gen/seq_gen_core.v vlg42/seq__gen__core.bin 1674474308
MO spi NULL ../../../git/basil/basil/firmware/modules/spi/spi.v vlg54/spi.bin 1674488764
MO cdc_reset_sync NULL ../../../git/basil/basil/firmware/modules/utils/cdc_reset_sync.v vlg18/cdc__reset__sync.bin 1674488764
MO gpac_adc_rx_core NULL ../../../git/basil/basil/firmware/modules/gpac_adc_rx/gpac_adc_rx_core.v vlg0F/gpac__adc__rx__core.bin 1674488764
MO LF_SFF_MIO NULL LF_SFF_MIO.v vlg28/_l_f___s_f_f___m_i_o.bin 1674488764
MO gpio NULL ../../../git/basil/basil/firmware/modules/gpio/gpio.v vlg37/gpio.bin 1674488764
MO rptr_empty NULL ../../../git/basil/basil/firmware/modules/utils/cdc_syncfifo.v vlg76/rptr__empty.bin 1674488764
MO seq_gen NULL ../../../git/basil/basil/firmware/modules/seq_gen/seq_gen.v vlg2E/seq__gen.bin 1674474309
MO gpio_core NULL ../../../git/basil/basil/firmware/modules/gpio/gpio_core.v vlg1F/gpio__core.bin 1674488764
MO sram_fifo NULL ../../../git/basil/basil/firmware/modules/sram_fifo/sram_fifo.v vlg02/sram__fifo.bin 1674488764
MO blk_mem_gen_8_to_1_2k NULL ../../../git/basil/basil/firmware/modules/spi/blk_mem_gen_8_to_1_2k.v vlg5D/blk__mem__gen__8__to__1__2k.bin 1674488764
MO rrp_arbiter NULL ../../../git/basil/basil/firmware/modules/rrp_arbiter/rrp_arbiter.v vlg48/rrp__arbiter.bin 1674488764
MO wptr_full NULL ../../../git/basil/basil/firmware/modules/utils/cdc_syncfifo.v vlg27/wptr__full.bin 1674488764
MO gpac_adc_rx NULL ../../../git/basil/basil/firmware/modules/gpac_adc_rx/gpac_adc_rx.v vlg67/gpac__adc__rx.bin 1674488764
MO cdc_sync_w2r NULL ../../../git/basil/basil/firmware/modules/utils/cdc_syncfifo.v vlg28/cdc__sync__w2r.bin 1674488764
MO bus_to_ip NULL ../../../git/basil/basil/firmware/modules/utils/bus_to_ip.v vlg14/bus__to__ip.bin 1674488764
MO gerneric_fifo NULL ../../../git/basil/basil/firmware/modules/utils/generic_fifo.v vlg7A/gerneric__fifo.bin 1674488764
MO cdc_syncfifo NULL ../../../git/basil/basil/firmware/modules/utils/cdc_syncfifo.v vlg36/cdc__syncfifo.bin 1674488764
MO sram_fifo_core NULL ../../../git/basil/basil/firmware/modules/sram_fifo/sram_fifo_core.v vlg26/sram__fifo__core.bin 1674488764
MO pulse_gen_rising NULL ../../../git/basil/basil/firmware/modules/utils/pulse_gen_rising.v vlg01/pulse__gen__rising.bin 1674488764
